2026-07-28 20:27:31.236  INFO 9424 --- [restartedMain] com.javaclimb.houserent.Application      : Starting Application on LAPTOP-HT97F4MT with PID 9424 (E:\azufang\houserent\target\classes started by gakki in E:\azufang\houserent)
2026-07-28 20:27:31.297  INFO 9424 --- [restartedMain] com.javaclimb.houserent.Application      : No active profile set, falling back to default profiles: default
2026-07-28 20:27:32.061  INFO 9424 --- [restartedMain] .e.DevToolsPropertyDefaultsPostProcessor : Devtools property defaults active! Set 'spring.devtools.add-properties' to 'false' to disable
2026-07-28 20:27:32.061  INFO 9424 --- [restartedMain] .e.DevToolsPropertyDefaultsPostProcessor : For additional web related logging consider setting the 'logging.level.web' property to 'DEBUG'
2026-07-28 20:27:40.619  INFO 9424 --- [restartedMain] o.s.b.w.embedded.tomcat.TomcatWebServer  : Tomcat initialized with port(s): 9999 (http)
2026-07-28 20:27:40.853  INFO 9424 --- [restartedMain] o.apache.catalina.core.StandardService   : Starting service [Tomcat]
2026-07-28 20:27:40.853  INFO 9424 --- [restartedMain] org.apache.catalina.core.StandardEngine  : Starting Servlet engine: [Apache Tomcat/9.0.22]
2026-07-28 20:27:40.871  INFO 9424 --- [restartedMain] o.a.catalina.core.AprLifecycleListener   : Loaded APR based Apache Tomcat Native library [1.2.32] using APR version [1.7.0].
2026-07-28 20:27:40.871  INFO 9424 --- [restartedMain] o.a.catalina.core.AprLifecycleListener   : APR capabilities: IPv6 [true], sendfile [true], accept filters [false], random [true].
2026-07-28 20:27:40.872  INFO 9424 --- [restartedMain] o.a.catalina.core.AprLifecycleListener   : APR/OpenSSL configuration: useAprConnector [false], useOpenSSL [true]
2026-07-28 20:27:40.939  INFO 9424 --- [restartedMain] o.a.catalina.core.AprLifecycleListener   : OpenSSL successfully initialized [OpenSSL 1.1.1n  15 Mar 2022]
2026-07-28 20:27:41.747  INFO 9424 --- [restartedMain] org.apache.jasper.servlet.TldScanner     : At least one JAR was scanned for TLDs yet contained no TLDs. Enable debug logging for this logger for a complete list of JARs that were scanned but no TLDs were found in them. Skipping unneeded JARs during scanning can improve startup time and JSP compilation time.
2026-07-28 20:27:41.755  INFO 9424 --- [restartedMain] o.a.c.c.C.[Tomcat].[localhost].[/]       : Initializing Spring embedded WebApplicationContext
2026-07-28 20:27:41.757  INFO 9424 --- [restartedMain] o.s.web.context.ContextLoader            : Root WebApplicationContext: initialization completed in 9696 ms
2026-07-28 20:27:42.225  INFO 9424 --- [restartedMain] c.a.d.s.b.a.DruidDataSourceAutoConfigure : Init DruidDataSource
2026-07-28 20:27:42.900  INFO 9424 --- [restartedMain] com.alibaba.druid.pool.DruidDataSource   : {dataSource-1} inited
2026-07-28 20:27:45.526  INFO 9424 --- [restartedMain] o.s.s.c.ThreadPoolTaskScheduler          : Initializing ExecutorService 'taskScheduler'
2026-07-28 20:27:45.756  INFO 9424 --- [restartedMain] o.s.b.d.a.OptionalLiveReloadServer       : LiveReload server is running on port 35729
2026-07-28 20:27:45.963  INFO 9424 --- [restartedMain] o.s.b.w.embedded.tomcat.TomcatWebServer  : Tomcat started on port(s): 9999 (http) with context path ''
2026-07-28 20:27:45.967  INFO 9424 --- [restartedMain] com.javaclimb.houserent.Application      : Started Application in 17.237 seconds (JVM running for 30.965)
2026-07-28 20:27:45.970  INFO 9424 --- [restartedMain] com.javaclimb.houserent.Application      : Verio started at http://localhost:9999
2026-07-28 20:27:53.340  INFO 9424 --- [http-nio-9999-exec-1] o.a.c.c.C.[Tomcat].[localhost].[/]       : Initializing Spring DispatcherServlet 'dispatcherServlet'
2026-07-28 20:27:53.341  INFO 9424 --- [http-nio-9999-exec-1] o.s.web.servlet.DispatcherServlet        : Initializing Servlet 'dispatcherServlet'
2026-07-28 20:27:53.380  INFO 9424 --- [http-nio-9999-exec-1] o.s.web.servlet.DispatcherServlet        : Completed initialization in 39 ms
2026-07-28 20:27:55.502  WARN 9424 --- [http-nio-9999-exec-1] o.a.c.util.SessionIdGeneratorBase        : Creation of SecureRandom instance for session ID generation using [SHA1PRNG] took [487] milliseconds.
2026-07-28 20:32:12.161  INFO 9424 --- [Thread-8] o.s.s.c.ThreadPoolTaskScheduler          : Shutting down ExecutorService 'taskScheduler'
2026-07-28 20:32:12.191  INFO 9424 --- [Thread-8] com.alibaba.druid.pool.DruidDataSource   : {dataSource-1} closed
